\BOOKMARK [0][-]{chapter*.1}{Preface}{}% 1
\BOOKMARK [0][-]{section*.2}{Contents}{}% 2
\BOOKMARK [-1][-]{part.1}{The\040CY\040Engine}{}% 3
\BOOKMARK [0][-]{chapter.1}{Introduction}{part.1}% 4
\BOOKMARK [1][-]{section.1.1}{The\040question}{chapter.1}% 5
\BOOKMARK [1][-]{section.1.2}{The\040E1/E2\040chiral\040hierarchy}{chapter.1}% 6
\BOOKMARK [2][-]{section*.4}{The\040E1\040stabilization\040theorem}{section.1.2}% 7
\BOOKMARK [1][-]{section.1.3}{Relation\040to\040Volumes\040I\040and\040II}{chapter.1}% 8
\BOOKMARK [1][-]{section.1.4}{\376\377\000T\000h\000e\000\040\000a\000n\000a\000l\000y\000t\000i\000c\000\040\000g\000a\000p\000\040\000a\000n\000d\000\040\000t\000h\000e\000\040\001\014\000e\000c\000h\000\040\000r\000e\000s\000o\000l\000u\000t\000i\000o\000n}{chapter.1}% 9
\BOOKMARK [1][-]{section.1.5}{CY3\040combinatorics\040as\040generalized\040root\040data}{chapter.1}% 10
\BOOKMARK [1][-]{section.1.6}{Automorphic\040correction\040as\040shadow\040obstruction\040tower}{chapter.1}% 11
\BOOKMARK [1][-]{section.1.7}{Main\040results}{chapter.1}% 12
\BOOKMARK [1][-]{section.1.8}{What\040is\040proved\040versus\040what\040is\040conjectural}{chapter.1}% 13
\BOOKMARK [1][-]{section.1.9}{The\040ten\040research\040programmes}{chapter.1}% 14
\BOOKMARK [1][-]{section.1.10}{The\040landscape\040of\040examples}{chapter.1}% 15
\BOOKMARK [1][-]{section.1.11}{Guide\040for\040the\040reader}{chapter.1}% 16
\BOOKMARK [1][-]{section.1.12}{Conventions\040and\040notation}{chapter.1}% 17
\BOOKMARK [0][-]{chapter.2}{Calabi\205Yau\040Categories}{part.1}% 18
\BOOKMARK [1][-]{section.2.1}{Smooth\040and\040proper\040dg\040categories}{chapter.2}% 19
\BOOKMARK [1][-]{section.2.2}{The\040Calabi\205Yau\040condition}{chapter.2}% 20
\BOOKMARK [1][-]{section.2.3}{Hochschild\040cohomology\040and\040the\040CY\040structure}{chapter.2}% 21
\BOOKMARK [1][-]{section.2.4}{\376\377\000C\000y\000c\000l\000i\000c\000\040\000A\042\036\000\040\000s\000t\000r\000u\000c\000t\000u\000r\000e}{chapter.2}% 22
\BOOKMARK [1][-]{section.2.5}{\376\377\000I\000n\000t\000e\000r\000f\000a\000c\000e\000\040\000w\000i\000t\000h\000\040\000t\000h\000e\000\040\000C\000Y\000-\000t\000o\000-\000c\000h\000i\000r\000a\000l\000\040\000f\000u\000n\000c\000t\000o\000r\000\040\003\246}{chapter.2}% 23
\BOOKMARK [0][-]{chapter.3}{\376\377\000C\000y\000c\000l\000i\000c\000\040\000A\042\036\000-\000S\000t\000r\000u\000c\000t\000u\000r\000e\000s}{part.1}% 24
\BOOKMARK [1][-]{section.3.1}{\376\377\000A\042\036\000-\000a\000l\000g\000e\000b\000r\000a\000s}{chapter.3}% 25
\BOOKMARK [1][-]{section.3.2}{Cyclic\040structures\040and\040CY\040dimension}{chapter.3}% 26
\BOOKMARK [1][-]{section.3.3}{Examples}{chapter.3}% 27
\BOOKMARK [1][-]{section.3.4}{The\040bridge\040to\040the\040Vol\040III\040functor}{chapter.3}% 28
\BOOKMARK [0][-]{chapter.4}{Hochschild\040Calculus\040for\040CY\040Categories}{part.1}% 29
\BOOKMARK [1][-]{section.4.1}{Hochschild\040homology\040and\040cohomology}{chapter.4}% 30
\BOOKMARK [1][-]{section.4.2}{The\040Gerstenhaber\040bracket}{chapter.4}% 31
\BOOKMARK [1][-]{section.4.3}{The\040Connes\040B-operator\040and\040cyclic\040homology}{chapter.4}% 32
\BOOKMARK [1][-]{section.4.4}{The\040Hochschild-to-cyclic\040spectral\040sequence}{chapter.4}% 33
\BOOKMARK [1][-]{section.4.5}{CY\040Hochschild\040duality}{chapter.4}% 34
\BOOKMARK [1][-]{section.4.6}{The\040\(2-d\)-shifted\040Poisson\040structure}{chapter.4}% 35
\BOOKMARK [1][-]{section.4.7}{Categorical\040Hodge\040theory}{chapter.4}% 36
\BOOKMARK [0][-]{chapter.5}{E1-Chiral\040Algebras}{part.1}% 37
\BOOKMARK [1][-]{section.5.1}{Factorization\040algebras\040and\040the\040En\040hierarchy}{chapter.5}% 38
\BOOKMARK [1][-]{section.5.2}{The\040ordered\040bar\040as\040the\040E1\040primitive}{chapter.5}% 39
\BOOKMARK [1][-]{section.5.3}{E1-chiral\040algebras\040from\040CY\040categories}{chapter.5}% 40
\BOOKMARK [1][-]{section.5.4}{Connection\040to\040Volume\040II}{chapter.5}% 41
\BOOKMARK [1][-]{section.5.5}{Operadic\040dictionary\040for\040the\040CY\040reader}{chapter.5}% 42
\BOOKMARK [1][-]{section.5.6}{E1-chiral\040Koszul\040duality:\040three