This is pdfTeX, Version 3.141592653-2.6-1.40.27 (TeX Live 2025) (preloaded format=pdflatex)
entering extended mode
(./standalone/polynomial_boundary_algebras.tex
LaTeX2e <2024-11-01> patch level 2
L3 programming layer <2025-01-18>
(/usr/local/texlive/2025/texmf-dist/tex/latex/memoir/memoir.cls
Document Class: memoir 2025/03/06 v3.8.3 configurable book, report, article doc
ument class
(/usr/local/texlive/2025/texmf-dist/tex/latex/xpatch/xpatch.sty
(/usr/local/texlive/2025/texmf-dist/tex/latex/l3kernel/expl3.sty
(/usr/local/texlive/2025/texmf-dist/tex/latex/l3backend/l3backend-pdftex.def))
(/usr/local/texlive/2025/texmf-dist/tex/latex/l3packages/xparse/xparse.sty)
(/usr/local/texlive/2025/texmf-dist/tex/latex/etoolbox/etoolbox.sty))
(/usr/local/texlive/2025/texmf-dist/tex/generic/iftex/iftex.sty)
(/usr/local/texlive/2025/texmf-dist/tex/latex/memoir/mem11.clo)
(/usr/local/texlive/2025/texmf-dist/tex/latex/tools/array.sty)
(/usr/local/texlive/2025/texmf-dist/tex/latex/tools/dcolumn.sty)
(/usr/local/texlive/2025/texmf-dist/tex/latex/tools/delarray.sty)
(/usr/local/texlive/2025/texmf-dist/tex/latex/tools/tabularx.sty)
(/usr/local/texlive/2025/texmf-dist/tex/latex/booktabs/booktabs.sty)
(/usr/local/texlive/2025/texmf-dist/tex/latex/hyperref/nameref.sty
(/usr/local/texlive/2025/texmf-dist/tex/latex/refcount/refcount.sty
(/usr/local/texlive/2025/texmf-dist/tex/generic/ltxcmds/ltxcmds.sty)
(/usr/local/texlive/2025/texmf-dist/tex/generic/infwarerr/infwarerr.sty))
(/usr/local/texlive/2025/texmf-dist/tex/generic/gettitlestring/gettitlestring.s
ty (/usr/local/texlive/2025/texmf-dist/tex/latex/kvoptions/kvoptions.sty
(/usr/local/texlive/2025/texmf-dist/tex/latex/graphics/keyval.sty)
(/usr/local/texlive/2025/texmf-dist/tex/latex/kvsetkeys/kvsetkeys.sty))))
(/usr/local/texlive/2025/texmf-dist/tex/latex/tools/verbatim.sty)
(/usr/local/texlive/2025/texmf-dist/tex/latex/base/shortvrb.sty)
(/usr/local/texlive/2025/texmf-dist/tex/latex/textcase/textcase.sty))

! LaTeX Error: File `raeez-math-template.sty' not found.

Type X to quit or <RETURN> to proceed,
or enter new name. (Default extension: sty)

Enter file name: 
./standalone/polynomial_boundary_algebras.tex:3: Emergency stop.
<read *> 
         
l.3 \title
          {Polynomial potentials and boundary algebras}^^M
./standalone/polynomial_boundary_algebras.tex:3:  ==> Fatal error occurred, no 
output PDF file produced!
Transcript written on /Users/raeez/mathematics/worktrees/frontier-cy3-boundary-
043-20260915/reports/research/CY3-BOUNDARY-043-2026-09-15/build/polynomial_boun
dary_algebras.log.
